docker : time="2026-04-03T20:09:26-06:00" level=warning 
msg="C:\\Users\\cepc9\\Documents\\PIA01\\PoC\\docker-compose.yml: the 
attribute `version` is obsolete, it will be ignored, please remove it to avoid 
potential confusion"
En línea: 1 Carácter: 1
+ docker compose build 2>&1 > build_output.txt; Get-Content build_outpu ...
+ ~~~~~~~~~~~~~~~~~~~~~~~~~~~~~~~~~~~~~~~~~~~~
    + CategoryInfo          : NotSpecified: (time="2026-04-0...tial confusion" 
   :String) [], RemoteException
    + FullyQualifiedErrorId : NativeCommandError
 
 Image poc-decision_engine Building 
 Image poc-pipeline_simulator Building 
 Image poc-failure_detector Building 
 Image poc-rules_manager Building 
 Image poc-failure_solver Building 
 Image poc-impact_evaluator Building 
 Image poc-event_registry Building 
 Image poc-observability Building 
 Image poc-failure_classifier Building 
#1 [internal] load local bake definitions
#1 reading from stdin 4.65kB 0.0s done
#1 DONE 0.0s

#2 [event_registry internal] load build definition from Dockerfile
#2 transferring dockerfile: 522B 0.0s done
#2 DONE 0.0s

#3 [pipeline_simulator internal] load build definition from Dockerfile
#3 transferring dockerfile: 534B done
#3 DONE 0.1s

#4 [rules_manager internal] load build definition from Dockerfile
#4 transferring dockerfile: 575B done
#4 DONE 0.1s

#5 [impact_evaluator internal] load build definition from Dockerfile
#5 transferring dockerfile: 528B done
#5 DONE 0.1s

#6 [failure_solver internal] load build definition from Dockerfile
#6 transferring dockerfile: 522B done
#6 DONE 0.1s

#7 [failure_detector internal] load build definition from Dockerfile
#7 transferring dockerfile: 538B done
#7 DONE 0.1s

#8 [failure_classifier internal] load build definition from Dockerfile
#8 transferring dockerfile: 534B done
#8 DONE 0.1s

#9 [observability internal] load build definition from Dockerfile
#9 transferring dockerfile: 519B done
#9 DONE 0.1s

#10 [failure_classifier internal] load metadata for docker.io/library/python:3.11-slim
#10 ...

#11 [decision_engine internal] load build definition from Dockerfile
#11 transferring dockerfile: 525B done
#11 DONE 0.1s

#10 [decision_engine internal] load metadata for docker.io/library/python:3.11-slim
#10 DONE 0.3s

#12 [failure_classifier internal] load .dockerignore
#12 transferring context: 2B done
#12 DONE 0.0s

#13 [observability internal] load .dockerignore
#13 transferring context: 2B done
#13 DONE 0.1s

#14 [failure_detector internal] load .dockerignore
#14 transferring context: 2B done
#14 DONE 0.1s

#15 [failure_classifier internal] load build context
#15 DONE 0.0s

#16 [decision_engine internal] load .dockerignore
#16 transferring context: 2B done
#16 DONE 0.1s

#17 [observability internal] load build context
#17 DONE 0.0s

#18 [pipeline_simulator internal] load .dockerignore
#18 transferring context: 2B done
#18 DONE 0.1s

#19 [failure_detector internal] load build context
#19 DONE 0.0s

#20 [event_registry internal] load .dockerignore
#20 transferring context: 2B done
#20 DONE 0.1s

#21 [failure_detector 1/9] FROM docker.io/library/python:3.11-slim@sha256:9358444059ed78e2975ada2c189f1c1a3144a5dab6f35bff8c981afb38946634
#21 resolve docker.io/library/python:3.11-slim@sha256:9358444059ed78e2975ada2c189f1c1a3144a5dab6f35bff8c981afb38946634
#21 ...

#22 [rules_manager internal] load .dockerignore
#22 transferring context: 2B done
#22 DONE 0.1s

#23 [impact_evaluator internal] load .dockerignore
#23 transferring context: 2B done
#23 DONE 0.1s

#24 [failure_solver internal] load .dockerignore
#24 transferring context: 2B done
#24 DONE 0.1s

#17 [observability internal] load build context
#17 transferring context: 37B 0.0s done
#17 DONE 0.0s

#15 [failure_classifier internal] load build context
#15 transferring context: 37B done
#15 DONE 0.0s

#25 [observability 5/9] RUN pip install --no-cache-dir -r requirements.txt
#25 CACHED

#26 [observability 4/9] COPY requirements.txt .
#26 CACHED

#27 [observability 6/9] COPY common ./common
#27 ERROR: failed to calculate checksum of ref urklxc0cj2qy01nts7g70m4on::dbj1yox3849xnn6bmegv6u8y0: "/common": not found

#28 [observability 7/9] COPY observability ./observability
#28 ERROR: failed to calculate checksum of ref urklxc0cj2qy01nts7g70m4on::dbj1yox3849xnn6bmegv6u8y0: "/observability": not found

#29 [failure_classifier 3/9] RUN apt-get update && apt-get install -y --no-install-recommends     curl   && rm -rf /var/lib/apt/lists/*
#29 CACHED

#30 [failure_classifier 4/9] COPY requirements.txt .
#30 CACHED

#31 [failure_classifier 5/9] RUN pip install --no-cache-dir -r requirements.txt
#31 CACHED

#32 [failure_classifier 2/9] WORKDIR /app
#32 CACHED

#33 [failure_classifier 6/9] COPY common ./common
#33 ERROR: failed to calculate checksum of ref urklxc0cj2qy01nts7g70m4on::m3nv7vyr9g4udtfco0b0gq6d1: "/common": not found

#34 [failure_classifier 7/9] COPY failure_classifier ./failure_classifier
#34 ERROR: failed to calculate checksum of ref urklxc0cj2qy01nts7g70m4on::m3nv7vyr9g4udtfco0b0gq6d1: "/failure_classifier": not found

#21 [failure_classifier 1/9] FROM docker.io/library/python:3.11-slim@sha256:9358444059ed78e2975ada2c189f1c1a3144a5dab6f35bff8c981afb38946634
#21 resolve docker.io/library/python:3.11-slim@sha256:9358444059ed78e2975ada2c189f1c1a3144a5dab6f35bff8c981afb38946634 0.1s done
#21 ...

#19 [failure_detector internal] load build context
#19 transferring context: 244B done
#19 DONE 0.1s

#35 [failure_detector  3/10] COPY common ./common
#35 ERROR: failed to calculate checksum of ref urklxc0cj2qy01nts7g70m4on::nra3qm9gqh8csfd9hyi3d0qf2: "/common": not found

#36 [failure_detector  4/10] COPY failure_detector ./failure_detector
#36 ERROR: failed to calculate checksum of ref urklxc0cj2qy01nts7g70m4on::nra3qm9gqh8csfd9hyi3d0qf2: "/failure_detector": not found

#37 [event_registry internal] load build context
#37 transferring context: 37B done
#37 DONE 0.1s

#38 [decision_engine internal] load build context
#38 transferring context: 37B done
#38 DONE 0.1s

#39 [event_registry 4/9] COPY requirements.txt .
#39 CACHED

#40 [event_registry 5/9] RUN pip install --no-cache-dir -r requirements.txt
#40 CACHED

#41 [event_registry 7/9] COPY event_registry ./event_registry
#41 ERROR: failed to calculate checksum of ref urklxc0cj2qy01nts7g70m4on::pqe0j6de1qhcn80zqux5p6czd: "/event_registry": not found

#42 [event_registry 6/9] COPY common ./common
#42 ERROR: failed to calculate checksum of ref urklxc0cj2qy01nts7g70m4on::pqe0j6de1qhcn80zqux5p6czd: "/common": not found

#43 [rules_manager internal] load build context
#43 transferring context: 37B done
#43 DONE 0.1s

#44 [decision_engine 5/9] RUN pip install --no-cache-dir -r requirements.txt
#44 CACHED

#45 [decision_engine 4/9] COPY requirements.txt .
#45 CACHED

#46 [decision_engine 6/9] COPY common ./common
#46 ERROR: failed to calculate checksum of ref urklxc0cj2qy01nts7g70m4on::2y003t7tkjo41afsk8knhfdzp: "/common": not found

#47 [decision_engine 7/9] COPY decision_engine ./decision_engine
#47 ERROR: failed to calculate checksum of ref urklxc0cj2qy01nts7g70m4on::2y003t7tkjo41afsk8knhfdzp: "/decision_engine": not found

#48 [pipeline_simulator internal] load build context
#48 transferring context: 37B done
#48 DONE 0.1s

#49 [impact_evaluator internal] load build context
#49 transferring context: 37B done
#49 DONE 0.1s

#50 [rules_manager 4/9] COPY requirements.txt .
#50 CACHED

#51 [rules_manager 5/9] RUN pip install --no-cache-dir -r requirements.txt
#51 CACHED

#52 [rules_manager 7/9] COPY rules_manager ./rules_manager
#52 ERROR: failed to calculate checksum of ref urklxc0cj2qy01nts7g70m4on::p9sfn6nwp0t072mu2qr82y7ea: "/rules_manager": not found

#53 [rules_manager 6/9] COPY common ./common
#53 ERROR: failed to calculate checksum of ref urklxc0cj2qy01nts7g70m4on::p9sfn6nwp0t072mu2qr82y7ea: "/common": not found

#54 [pipeline_simulator 5/9] RUN pip install --no-cache-dir -r requirements.txt
#54 CACHED

#55 [pipeline_simulator 4/9] COPY requirements.txt .
#55 CACHED

#56 [pipeline_simulator 7/9] COPY pipeline_simulator ./pipeline_simulator
#56 ERROR: failed to calculate checksum of ref urklxc0cj2qy01nts7g70m4on::k8r71uyff65192zdjxdnfgs0r: "/pipeline_simulator": not found

#57 [pipeline_simulator 6/9] COPY common ./common
#57 ERROR: failed to calculate checksum of ref urklxc0cj2qy01nts7g70m4on::k8r71uyff65192zdjxdnfgs0r: "/common": not found

#58 [failure_solver internal] load build context
#58 transferring context: 37B done
#58 DONE 0.1s

#59 [impact_evaluator 4/9] COPY requirements.txt .
#59 CACHED

#60 [impact_evaluator 5/9] RUN pip install --no-cache-dir -r requirements.txt
#60 CACHED

#61 [impact_evaluator 6/9] COPY common ./common
#61 ERROR: failed to calculate checksum of ref urklxc0cj2qy01nts7g70m4on::ncbqc3pyun4s3jxv5itxhe08d: "/common": not found

#62 [impact_evaluator 7/9] COPY impact_evaluator ./impact_evaluator
#62 ERROR: failed to calculate checksum of ref urklxc0cj2qy01nts7g70m4on::ncbqc3pyun4s3jxv5itxhe08d: "/impact_evaluator": not found

#29 [failure_solver 3/9] RUN apt-get update && apt-get install -y --no-install-recommends     curl   && rm -rf /var/lib/apt/lists/*
#29 CACHED

#63 [failure_solver 5/9] RUN pip install --no-cache-dir -r requirements.txt
#63 CACHED

#32 [failure_solver 2/9] WORKDIR /app
#32 CACHED

#64 [failure_solver 4/9] COPY requirements.txt .
#64 CACHED

#65 [failure_solver 7/9] COPY failure_solver ./failure_solver
#65 ERROR: failed to calculate checksum of ref urklxc0cj2qy01nts7g70m4on::z5fezytljafbrdpodxsl9i1r6: "/failure_solver": not found

#66 [failure_solver 6/9] COPY common ./common
#66 ERROR: failed to calculate checksum of ref urklxc0cj2qy01nts7g70m4on::z5fezytljafbrdpodxsl9i1r6: "/common": not found

#21 [failure_solver 1/9] FROM docker.io/library/python:3.11-slim@sha256:9358444059ed78e2975ada2c189f1c1a3144a5dab6f35bff8c981afb38946634
------
 > [observability 7/9] COPY observability ./observability:
------
------
 > [observability 6/9] COPY common ./common:
------
------
 > [failure_classifier 6/9] COPY common ./common:
------
------
 > [failure_classifier 7/9] COPY failure_classifier ./failure_classifier:
------
------
 > [failure_detector  3/10] COPY common ./common:
------
------
 > [failure_detector  4/10] COPY failure_detector ./failure_detector:
------
------
 > [event_registry 6/9] COPY common ./common:
------
------
 > [event_registry 7/9] COPY event_registry ./event_registry:
------
------
 > [decision_engine 6/9] COPY common ./common:
------
------
 > [decision_engine 7/9] COPY decision_engine ./decision_engine:
------
------
 > [pipeline_simulator 6/9] COPY common ./common:
------
------
 > [pipeline_simulator 7/9] COPY pipeline_simulator ./pipeline_simulator:
------
------
 > [rules_manager 6/9] COPY common ./common:
------
------
 > [rules_manager 7/9] COPY rules_manager ./rules_manager:
------
------
 > [impact_evaluator 6/9] COPY common ./common:
------
------
 > [failure_solver 7/9] COPY failure_solver ./failure_solver:
------
------
 > [failure_solver 6/9] COPY common ./common:
------
------
 > [impact_evaluator 7/9] COPY impact_evaluator ./impact_evaluator:
------
Dockerfile:16

--------------------

  14 |     

  15 |     COPY common ./common

  16 | >>> COPY failure_classifier ./failure_classifier

  17 |     WORKDIR /app/failure_classifier

  18 |     

--------------------

target failure_classifier: failed to solve: failed to compute cache key: 
failed to calculate checksum of ref 
urklxc0cj2qy01nts7g70m4on::m3nv7vyr9g4udtfco0b0gq6d1: "/failure_classifier": 
not found

